// Jest Snapshot v1, https://goo.gl/fbAQLP

exports[`Lable component matches snapshot 1`] = `
<DocumentFragment>
  <div
    class="MuiTypography-root MuiTypography-h1 MuiTypography-gutterBottom css-79core-MuiTypography-root"
  >
    test
  </div>
</DocumentFragment>
`;
